// Jest Snapshot v1, https://goo.gl/fbAQLP

exports[`Should render ExpenseSummary correctly 1`] = `
<header>
  <p>
    Viewing 
     
    expenses
     totalling 
    $0.00
  </p>
</header>
`;
